
[1m[7m[36m RUN [39m[27m[22m [36mv2.1.9 [39m[90mF:/Projects/datacare[39m

[90mstdout[2m | src/pages/auth/SignupPage.test.tsx[2m > [22m[2mSignupPage Component[2m > [22m[2mshould render the signup form
[22m[39mRendering SignupPage. Error: [1mnull[22m

[90mstdout[2m | src/pages/auth/SignupPage.test.tsx[2m > [22m[2mSignupPage Component[2m > [22m[2mshould display an error message if passwords do not match
[22m[39mRendering SignupPage. Error: [1mnull[22m

[90mstdout[2m | src/pages/auth/SignupPage.test.tsx[2m > [22m[2mSignupPage Component[2m > [22m[2mshould display an error message if passwords do not match
[22m[39mRendering SignupPage. Error: [1mnull[22m

[90mstdout[2m | src/pages/auth/SignupPage.test.tsx[2m > [22m[2mSignupPage Component[2m > [22m[2mshould display an error message if passwords do not match
[22m[39mRendering SignupPage. Error: [1mnull[22m

[90mstdout[2m | src/pages/auth/SignupPage.test.tsx[2m > [22m[2mSignupPage Component[2m > [22m[2mshould display an error message if passwords do not match
[22m[39mRendering SignupPage. Error: [1mnull[22m

[90mstdout[2m | src/pages/auth/SignupPage.test.tsx[2m > [22m[2mSignupPage Component[2m > [22m[2mshould display an error message if passwords do not match
[22m[39mRendering SignupPage. Error: [1mnull[22m

[90mstdout[2m | src/pages/auth/SignupPage.test.tsx[2m > [22m[2mSignupPage Component[2m > [22m[2mshould display an error message if passwords do not match
[22m[39mRendering SignupPage. Error: [1mnull[22m

[90mstdout[2m | src/pages/auth/SignupPage.test.tsx[2m > [22m[2mSignupPage Component[2m > [22m[2mshould display an error message if passwords do not match
[22m[39mRendering SignupPage. Error: [1mnull[22m

[90mstdout[2m | src/pages/auth/SignupPage.test.tsx[2m > [22m[2mSignupPage Component[2m > [22m[2mshould display an error message if passwords do not match
[22m[39mRendering SignupPage. Error: [1mnull[22m

[90mstdout[2m | src/pages/auth/SignupPage.test.tsx[2m > [22m[2mSignupPage Component[2m > [22m[2mshould display an error message if passwords do not match
[22m[39mRendering SignupPage. Error: [1mnull[22m

[90mstdout[2m | src/pages/auth/SignupPage.test.tsx[2m > [22m[2mSignupPage Component[2m > [22m[2mshould display an error message if passwords do not match
[22m[39mRendering SignupPage. Error: [1mnull[22m

[90mstdout[2m | src/pages/auth/SignupPage.test.tsx[2m > [22m[2mSignupPage Component[2m > [22m[2mshould display an error message if passwords do not match
[22m[39mRendering SignupPage. Error: [1mnull[22m

[90mstdout[2m | src/pages/auth/SignupPage.test.tsx[2m > [22m[2mSignupPage Component[2m > [22m[2mshould display an error message if passwords do not match
[22m[39mRendering SignupPage. Error: [1mnull[22m

[90mstdout[2m | src/pages/auth/SignupPage.test.tsx[2m > [22m[2mSignupPage Component[2m > [22m[2mshould display an error message if passwords do not match
[22m[39mRendering SignupPage. Error: [1mnull[22m

[90mstdout[2m | src/pages/auth/SignupPage.test.tsx[2m > [22m[2mSignupPage Component[2m > [22m[2mshould display an error message if passwords do not match
[22m[39mRendering SignupPage. Error: [1mnull[22m

[90mstdout[2m | src/pages/auth/SignupPage.test.tsx[2m > [22m[2mSignupPage Component[2m > [22m[2mshould display an error message if passwords do not match
[22m[39mRendering SignupPage. Error: [1mnull[22m

[90mstdout[2m | src/pages/auth/SignupPage.test.tsx[2m > [22m[2mSignupPage Component[2m > [22m[2mshould display an error message if passwords do not match
[22m[39mRendering SignupPage. Error: [1mnull[22m

[90mstdout[2m | src/pages/auth/SignupPage.test.tsx[2m > [22m[2mSignupPage Component[2m > [22m[2mshould display an error message if passwords do not match
[22m[39mRendering SignupPage. Error: [1mnull[22m

[90mstdout[2m | src/pages/auth/SignupPage.test.tsx[2m > [22m[2mSignupPage Component[2m > [22m[2mshould display an error message if passwords do not match
[22m[39mRendering SignupPage. Error: [1mnull[22m

[90mstdout[2m | src/pages/auth/SignupPage.test.tsx[2m > [22m[2mSignupPage Component[2m > [22m[2mshould display an error message if passwords do not match
[22m[39mRendering SignupPage. Error: [1mnull[22m

[90mstdout[2m | src/pages/auth/SignupPage.test.tsx[2m > [22m[2mSignupPage Component[2m > [22m[2mshould display an error message if passwords do not match
[22m[39mRendering SignupPage. Error: [1mnull[22m

[90mstdout[2m | src/pages/auth/SignupPage.test.tsx[2m > [22m[2mSignupPage Component[2m > [22m[2mshould display an error message if passwords do not match
[22m[39mRendering SignupPage. Error: [1mnull[22m

[90mstdout[2m | src/pages/auth/SignupPage.test.tsx[2m > [22m[2mSignupPage Component[2m > [22m[2mshould display an error message if passwords do not match
[22m[39mRendering SignupPage. Error: [1mnull[22m

[90mstdout[2m | src/pages/auth/SignupPage.test.tsx[2m > [22m[2mSignupPage Component[2m > [22m[2mshould display an error message if passwords do not match
[22m[39mRendering SignupPage. Error: [1mnull[22m

[90mstdout[2m | src/pages/auth/SignupPage.test.tsx[2m > [22m[2mSignupPage Component[2m > [22m[2mshould display an error message if passwords do not match
[22m[39mRendering SignupPage. Error: [1mnull[22m

[90mstdout[2m | src/pages/auth/SignupPage.test.tsx[2m > [22m[2mSignupPage Component[2m > [22m[2mshould display an error message if passwords do not match
[22m[39mRendering SignupPage. Error: [1mnull[22m

[90mstdout[2m | src/pages/auth/SignupPage.test.tsx[2m > [22m[2mSignupPage Component[2m > [22m[2mshould display an error message if passwords do not match
[22m[39mRendering SignupPage. Error: [1mnull[22m

[90mstdout[2m | src/pages/auth/SignupPage.test.tsx[2m > [22m[2mSignupPage Component[2m > [22m[2mshould display an error message if passwords do not match
[22m[39mRendering SignupPage. Error: [1mnull[22m

[90mstdout[2m | src/pages/auth/SignupPage.test.tsx[2m > [22m[2mSignupPage Component[2m > [22m[2mshould display an error message if passwords do not match
[22m[39mRendering SignupPage. Error: [1mnull[22m

[90mstdout[2m | src/pages/auth/SignupPage.test.tsx[2m > [22m[2mSignupPage Component[2m > [22m[2mshould display an error message if passwords do not match
[22m[39mRendering SignupPage. Error: [1mnull[22m

[90mstdout[2m | src/pages/auth/SignupPage.test.tsx[2m > [22m[2mSignupPage Component[2m > [22m[2mshould call the signUp function and navigate on successful signup
[22m[39mRendering SignupPage. Error: [1mnull[22m

[90mstdout[2m | src/pages/auth/SignupPage.test.tsx[2m > [22m[2mSignupPage Component[2m > [22m[2mshould call the signUp function and navigate on successful signup
[22m[39mRendering SignupPage. Error: [1mnull[22m

[90mstdout[2m | src/pages/auth/SignupPage.test.tsx[2m > [22m[2mSignupPage Component[2m > [22m[2mshould call the signUp function and navigate on successful signup
[22m[39mRendering SignupPage. Error: [1mnull[22m

[90mstdout[2m | src/pages/auth/SignupPage.test.tsx[2m > [22m[2mSignupPage Component[2m > [22m[2mshould call the signUp function and navigate on successful signup
[22m[39mRendering SignupPage. Error: [1mnull[22m

[90mstdout[2m | src/pages/auth/SignupPage.test.tsx[2m > [22m[2mSignupPage Component[2m > [22m[2mshould call the signUp function and navigate on successful signup
[22m[39mRendering SignupPage. Error: [1mnull[22m

[90mstdout[2m | src/pages/auth/SignupPage.test.tsx[2m > [22m[2mSignupPage Component[2m > [22m[2mshould call the signUp function and navigate on successful signup
[22m[39mRendering SignupPage. Error: [1mnull[22m

[90mstdout[2m | src/pages/auth/SignupPage.test.tsx[2m > [22m[2mSignupPage Component[2m > [22m[2mshould call the signUp function and navigate on successful signup
[22m[39mRendering SignupPage. Error: [1mnull[22m

[90mstdout[2m | src/pages/auth/SignupPage.test.tsx[2m > [22m[2mSignupPage Component[2m > [22m[2mshould call the signUp function and navigate on successful signup
[22m[39mRendering SignupPage. Error: [1mnull[22m

[90mstdout[2m | src/pages/auth/SignupPage.test.tsx[2m > [22m[2mSignupPage Component[2m > [22m[2mshould call the signUp function and navigate on successful signup
[22m[39mRendering SignupPage. Error: [1mnull[22m

[90mstdout[2m | src/pages/auth/SignupPage.test.tsx[2m > [22m[2mSignupPage Component[2m > [22m[2mshould call the signUp function and navigate on successful signup
[22m[39mRendering SignupPage. Error: [1mnull[22m

[90mstdout[2m | src/pages/auth/SignupPage.test.tsx[2m > [22m[2mSignupPage Component[2m > [22m[2mshould call the signUp function and navigate on successful signup
[22m[39mRendering SignupPage. Error: [1mnull[22m

[90mstdout[2m | src/pages/auth/SignupPage.test.tsx[2m > [22m[2mSignupPage Component[2m > [22m[2mshould call the signUp function and navigate on successful signup
[22m[39mRendering SignupPage. Error: [1mnull[22m

[90mstdout[2m | src/pages/auth/SignupPage.test.tsx[2m > [22m[2mSignupPage Component[2m > [22m[2mshould call the signUp function and navigate on successful signup
[22m[39mRendering SignupPage. Error: [1mnull[22m

[90mstdout[2m | src/pages/auth/SignupPage.test.tsx[2m > [22m[2mSignupPage Component[2m > [22m[2mshould call the signUp function and navigate on successful signup
[22m[39mRendering SignupPage. Error: [1mnull[22m

[90mstdout[2m | src/pages/auth/SignupPage.test.tsx[2m > [22m[2mSignupPage Component[2m > [22m[2mshould call the signUp function and navigate on successful signup
[22m[39mRendering SignupPage. Error: [1mnull[22m

[90mstdout[2m | src/pages/auth/SignupPage.test.tsx[2m > [22m[2mSignupPage Component[2m > [22m[2mshould call the signUp function and navigate on successful signup
[22m[39mRendering SignupPage. Error: [1mnull[22m

[90mstdout[2m | src/pages/auth/SignupPage.test.tsx[2m > [22m[2mSignupPage Component[2m > [22m[2mshould call the signUp function and navigate on successful signup
[22m[39mRendering SignupPage. Error: [1mnull[22m

[90mstdout[2m | src/pages/auth/SignupPage.test.tsx[2m > [22m[2mSignupPage Component[2m > [22m[2mshould call the signUp function and navigate on successful signup
[22m[39mRendering SignupPage. Error: [1mnull[22m

[90mstdout[2m | src/pages/auth/SignupPage.test.tsx[2m > [22m[2mSignupPage Component[2m > [22m[2mshould call the signUp function and navigate on successful signup
[22m[39mRendering SignupPage. Error: [1mnull[22m

[90mstdout[2m | src/pages/auth/SignupPage.test.tsx[2m > [22m[2mSignupPage Component[2m > [22m[2mshould call the signUp function and navigate on successful signup
[22m[39mRendering SignupPage. Error: [1mnull[22m

[90mstdout[2m | src/pages/auth/SignupPage.test.tsx[2m > [22m[2mSignupPage Component[2m > [22m[2mshould call the signUp function and navigate on successful signup
[22m[39mRendering SignupPage. Error: [1mnull[22m

[90mstdout[2m | src/pages/auth/SignupPage.test.tsx[2m > [22m[2mSignupPage Component[2m > [22m[2mshould call the signUp function and navigate on successful signup
[22m[39mRendering SignupPage. Error: [1mnull[22m

[90mstdout[2m | src/pages/auth/SignupPage.test.tsx[2m > [22m[2mSignupPage Component[2m > [22m[2mshould call the signUp function and navigate on successful signup
[22m[39mRendering SignupPage. Error: [1mnull[22m

[90mstdout[2m | src/pages/auth/SignupPage.test.tsx[2m > [22m[2mSignupPage Component[2m > [22m[2mshould call the signUp function and navigate on successful signup
[22m[39mRendering SignupPage. Error: [1mnull[22m

[90mstdout[2m | src/pages/auth/SignupPage.test.tsx[2m > [22m[2mSignupPage Component[2m > [22m[2mshould call the signUp function and navigate on successful signup
[22m[39mRendering SignupPage. Error: [1mnull[22m

[90mstdout[2m | src/pages/auth/SignupPage.test.tsx[2m > [22m[2mSignupPage Component[2m > [22m[2mshould call the signUp function and navigate on successful signup
[22m[39mRendering SignupPage. Error: [1mnull[22m

[90mstdout[2m | src/pages/auth/SignupPage.test.tsx[2m > [22m[2mSignupPage Component[2m > [22m[2mshould call the signUp function and navigate on successful signup
[22m[39mRendering SignupPage. Error: [1mnull[22m

[90mstdout[2m | src/pages/auth/SignupPage.test.tsx[2m > [22m[2mSignupPage Component[2m > [22m[2mshould call the signUp function and navigate on successful signup
[22m[39mRendering SignupPage. Error: [1mnull[22m

[90mstdout[2m | src/pages/auth/SignupPage.test.tsx[2m > [22m[2mSignupPage Component[2m > [22m[2mshould call the signUp function and navigate on successful signup
[22m[39mRendering SignupPage. Error: [1mnull[22m

[90mstdout[2m | src/pages/auth/SignupPage.test.tsx[2m > [22m[2mSignupPage Component[2m > [22m[2mshould call the signUp function and navigate on successful signup
[22m[39mRendering SignupPage. Error: [1mnull[22m

[90mstdout[2m | src/pages/auth/SignupPage.test.tsx[2m > [22m[2mSignupPage Component[2m > [22m[2mshould call the signUp function and navigate on successful signup
[22m[39mRendering SignupPage. Error: [1mnull[22m

[90mstdout[2m | src/pages/auth/SignupPage.test.tsx[2m > [22m[2mSignupPage Component[2m > [22m[2mshould call the signUp function and navigate on successful signup
[22m[39mRendering SignupPage. Error: [1mnull[22m

[90mstdout[2m | src/pages/auth/SignupPage.test.tsx[2m > [22m[2mSignupPage Component[2m > [22m[2mshould call the signUp function and navigate on successful signup
[22m[39mRendering SignupPage. Error: [1mnull[22m

[90mstdout[2m | src/pages/auth/SignupPage.test.tsx[2m > [22m[2mSignupPage Component[2m > [22m[2mshould call the signUp function and navigate on successful signup
[22m[39mRendering SignupPage. Error: [1mnull[22m

[90mstdout[2m | src/pages/auth/SignupPage.test.tsx[2m > [22m[2mSignupPage Component[2m > [22m[2mshould call the signUp function and navigate on successful signup
[22m[39mRendering SignupPage. Error: [1mnull[22m

[90mstdout[2m | src/pages/auth/SignupPage.test.tsx[2m > [22m[2mSignupPage Component[2m > [22m[2mshould call the signUp function and navigate on successful signup
[22m[39mRendering SignupPage. Error: [1mnull[22m

[90mstdout[2m | src/pages/auth/SignupPage.test.tsx[2m > [22m[2mSignupPage Component[2m > [22m[2mshould call the signUp function and navigate on successful signup
[22m[39mRendering SignupPage. Error: [1mnull[22m

[90mstdout[2m | src/pages/auth/SignupPage.test.tsx[2m > [22m[2mSignupPage Component[2m > [22m[2mshould call the signUp function and navigate on successful signup
[22m[39mRendering SignupPage. Error: [1mnull[22m

[90mstdout[2m | src/pages/auth/SignupPage.test.tsx[2m > [22m[2mSignupPage Component[2m > [22m[2mshould call the signUp function and navigate on successful signup
[22m[39mRendering SignupPage. Error: [1mnull[22m

[90mstdout[2m | src/pages/auth/SignupPage.test.tsx[2m > [22m[2mSignupPage Component[2m > [22m[2mshould call the signUp function and navigate on successful signup
[22m[39mhandleSubmit executing
Current values: { password: [32m'password123'[39m, confirmPassword: [32m'password123'[39m }
Rendering SignupPage. Error: [1mnull[22m
Rendering SignupPage. Error: [1mnull[22m

[90mstdout[2m | src/pages/auth/SignupPage.test.tsx[2m > [22m[2mSignupPage Component[2m > [22m[2mshould display an error message if signUp fails
[22m[39mRendering SignupPage. Error: [1mnull[22m

[90mstdout[2m | src/pages/auth/SignupPage.test.tsx[2m > [22m[2mSignupPage Component[2m > [22m[2mshould display an error message if signUp fails
[22m[39mRendering SignupPage. Error: [1mnull[22m

[90mstdout[2m | src/pages/auth/SignupPage.test.tsx[2m > [22m[2mSignupPage Component[2m > [22m[2mshould display an error message if signUp fails
[22m[39mRendering SignupPage. Error: [1mnull[22m

[90mstdout[2m | src/pages/auth/SignupPage.test.tsx[2m > [22m[2mSignupPage Component[2m > [22m[2mshould display an error message if signUp fails
[22m[39mRendering SignupPage. Error: [1mnull[22m

[90mstdout[2m | src/pages/auth/SignupPage.test.tsx[2m > [22m[2mSignupPage Component[2m > [22m[2mshould display an error message if signUp fails
[22m[39mRendering SignupPage. Error: [1mnull[22m

[90mstdout[2m | src/pages/auth/SignupPage.test.tsx[2m > [22m[2mSignupPage Component[2m > [22m[2mshould display an error message if signUp fails
[22m[39mRendering SignupPage. Error: [1mnull[22m

[90mstdout[2m | src/pages/auth/SignupPage.test.tsx[2m > [22m[2mSignupPage Component[2m > [22m[2mshould display an error message if signUp fails
[22m[39mRendering SignupPage. Error: [1mnull[22m

[90mstdout[2m | src/pages/auth/SignupPage.test.tsx[2m > [22m[2mSignupPage Component[2m > [22m[2mshould display an error message if signUp fails
[22m[39mRendering SignupPage. Error: [1mnull[22m

[90mstdout[2m | src/pages/auth/SignupPage.test.tsx[2m > [22m[2mSignupPage Component[2m > [22m[2mshould display an error message if signUp fails
[22m[39mRendering SignupPage. Error: [1mnull[22m

[90mstdout[2m | src/pages/auth/SignupPage.test.tsx[2m > [22m[2mSignupPage Component[2m > [22m[2mshould display an error message if signUp fails
[22m[39mRendering SignupPage. Error: [1mnull[22m

[90mstdout[2m | src/pages/auth/SignupPage.test.tsx[2m > [22m[2mSignupPage Component[2m > [22m[2mshould display an error message if signUp fails
[22m[39mRendering SignupPage. Error: [1mnull[22m

[90mstdout[2m | src/pages/auth/SignupPage.test.tsx[2m > [22m[2mSignupPage Component[2m > [22m[2mshould display an error message if signUp fails
[22m[39mRendering SignupPage. Error: [1mnull[22m

[90mstdout[2m | src/pages/auth/SignupPage.test.tsx[2m > [22m[2mSignupPage Component[2m > [22m[2mshould display an error message if signUp fails
[22m[39mRendering SignupPage. Error: [1mnull[22m

[90mstdout[2m | src/pages/auth/SignupPage.test.tsx[2m > [22m[2mSignupPage Component[2m > [22m[2mshould display an error message if signUp fails
[22m[39mRendering SignupPage. Error: [1mnull[22m

[90mstdout[2m | src/pages/auth/SignupPage.test.tsx[2m > [22m[2mSignupPage Component[2m > [22m[2mshould display an error message if signUp fails
[22m[39mRendering SignupPage. Error: [1mnull[22m

[90mstdout[2m | src/pages/auth/SignupPage.test.tsx[2m > [22m[2mSignupPage Component[2m > [22m[2mshould display an error message if signUp fails
[22m[39mRendering SignupPage. Error: [1mnull[22m

[90mstdout[2m | src/pages/auth/SignupPage.test.tsx[2m > [22m[2mSignupPage Component[2m > [22m[2mshould display an error message if signUp fails
[22m[39mRendering SignupPage. Error: [1mnull[22m

[90mstdout[2m | src/pages/auth/SignupPage.test.tsx[2m > [22m[2mSignupPage Component[2m > [22m[2mshould display an error message if signUp fails
[22m[39mRendering SignupPage. Error: [1mnull[22m

[90mstdout[2m | src/pages/auth/SignupPage.test.tsx[2m > [22m[2mSignupPage Component[2m > [22m[2mshould display an error message if signUp fails
[22m[39mRendering SignupPage. Error: [1mnull[22m

[90mstdout[2m | src/pages/auth/SignupPage.test.tsx[2m > [22m[2mSignupPage Component[2m > [22m[2mshould display an error message if signUp fails
[22m[39mRendering SignupPage. Error: [1mnull[22m

[90mstdout[2m | src/pages/auth/SignupPage.test.tsx[2m > [22m[2mSignupPage Component[2m > [22m[2mshould display an error message if signUp fails
[22m[39mRendering SignupPage. Error: [1mnull[22m

[90mstdout[2m | src/pages/auth/SignupPage.test.tsx[2m > [22m[2mSignupPage Component[2m > [22m[2mshould display an error message if signUp fails
[22m[39mRendering SignupPage. Error: [1mnull[22m

[90mstdout[2m | src/pages/auth/SignupPage.test.tsx[2m > [22m[2mSignupPage Component[2m > [22m[2mshould display an error message if signUp fails
[22m[39mRendering SignupPage. Error: [1mnull[22m

[90mstdout[2m | src/pages/auth/SignupPage.test.tsx[2m > [22m[2mSignupPage Component[2m > [22m[2mshould display an error message if signUp fails
[22m[39mRendering SignupPage. Error: [1mnull[22m

[90mstdout[2m | src/pages/auth/SignupPage.test.tsx[2m > [22m[2mSignupPage Component[2m > [22m[2mshould display an error message if signUp fails
[22m[39mRendering SignupPage. Error: [1mnull[22m

[90mstdout[2m | src/pages/auth/SignupPage.test.tsx[2m > [22m[2mSignupPage Component[2m > [22m[2mshould display an error message if signUp fails
[22m[39mRendering SignupPage. Error: [1mnull[22m

[90mstdout[2m | src/pages/auth/SignupPage.test.tsx[2m > [22m[2mSignupPage Component[2m > [22m[2mshould display an error message if signUp fails
[22m[39mRendering SignupPage. Error: [1mnull[22m

[90mstdout[2m | src/pages/auth/SignupPage.test.tsx[2m > [22m[2mSignupPage Component[2m > [22m[2mshould display an error message if signUp fails
[22m[39mRendering SignupPage. Error: [1mnull[22m

[90mstdout[2m | src/pages/auth/SignupPage.test.tsx[2m > [22m[2mSignupPage Component[2m > [22m[2mshould display an error message if signUp fails
[22m[39mRendering SignupPage. Error: [1mnull[22m

[90mstdout[2m | src/pages/auth/SignupPage.test.tsx[2m > [22m[2mSignupPage Component[2m > [22m[2mshould display an error message if signUp fails
[22m[39mRendering SignupPage. Error: [1mnull[22m

[90mstdout[2m | src/pages/auth/SignupPage.test.tsx[2m > [22m[2mSignupPage Component[2m > [22m[2mshould display an error message if signUp fails
[22m[39mRendering SignupPage. Error: [1mnull[22m

[90mstdout[2m | src/pages/auth/SignupPage.test.tsx[2m > [22m[2mSignupPage Component[2m > [22m[2mshould display an error message if signUp fails
[22m[39mRendering SignupPage. Error: [1mnull[22m

[90mstdout[2m | src/pages/auth/SignupPage.test.tsx[2m > [22m[2mSignupPage Component[2m > [22m[2mshould display an error message if signUp fails
[22m[39mRendering SignupPage. Error: [1mnull[22m

[90mstdout[2m | src/pages/auth/SignupPage.test.tsx[2m > [22m[2mSignupPage Component[2m > [22m[2mshould display an error message if signUp fails
[22m[39mRendering SignupPage. Error: [1mnull[22m

[90mstdout[2m | src/pages/auth/SignupPage.test.tsx[2m > [22m[2mSignupPage Component[2m > [22m[2mshould display an error message if signUp fails
[22m[39mRendering SignupPage. Error: [1mnull[22m

[90mstdout[2m | src/pages/auth/SignupPage.test.tsx[2m > [22m[2mSignupPage Component[2m > [22m[2mshould display an error message if signUp fails
[22m[39mRendering SignupPage. Error: [1mnull[22m

[90mstdout[2m | src/pages/auth/SignupPage.test.tsx[2m > [22m[2mSignupPage Component[2m > [22m[2mshould display an error message if signUp fails
[22m[39mRendering SignupPage. Error: [1mnull[22m

[90mstdout[2m | src/pages/auth/SignupPage.test.tsx[2m > [22m[2mSignupPage Component[2m > [22m[2mshould display an error message if signUp fails
[22m[39mRendering SignupPage. Error: [1mnull[22m

[90mstdout[2m | src/pages/auth/SignupPage.test.tsx[2m > [22m[2mSignupPage Component[2m > [22m[2mshould display an error message if signUp fails
[22m[39mRendering SignupPage. Error: [1mnull[22m

[90mstdout[2m | src/pages/auth/SignupPage.test.tsx[2m > [22m[2mSignupPage Component[2m > [22m[2mshould display an error message if signUp fails
[22m[39mhandleSubmit executing
Current values: { password: [32m'password123'[39m, confirmPassword: [32m'password123'[39m }
Rendering SignupPage. Error: [1mnull[22m
Rendering SignupPage. Error: User already registered

 [31mΓ¥»[39m src/pages/auth/SignupPage.test.tsx [2m([22m[2m4 tests[22m[2m | [22m[31m1 failed[39m[2m)[22m[33m 3883[2mms[22m[39m
   [33m[2mΓ£ô[22m[39m SignupPage Component[2m > [22mshould render the signup form [33m387[2mms[22m[39m
[31m   [31m├ù[31m SignupPage Component[2m > [22mshould display an error message if passwords do not match[33m 1814[2mms[22m[31m[39m
[31m     ΓåÆ Unable to find an element with the text: Passwords do not match.. This could be because the text is broken up by multiple elements. In this case, you can provide a function for your text matcher to make your matcher more flexible.

Ignored nodes: comments, script, style
[36m<body>[31m
  [36m<div>[31m
    [36m<div[31m
      [33mclass[31m=[32m"flex items-center justify-center min-h-screen bg-muted"[31m
    [36m>[31m
      [36m<div[31m
        [33mclass[31m=[32m"rounded-lg border bg-card text-card-foreground shadow-sm w-full max-w-sm"[31m
      [36m>[31m
        [36m<div[31m
          [33mclass[31m=[32m"flex flex-col space-y-1.5 p-6 text-center"[31m
        [36m>[31m
          [36m<h3[31m
            [33mclass[31m=[32m"font-semibold tracking-tight text-2xl"[31m
          [36m>[31m
            [0mCreate Account[0m
          [36m</h3>[31m
          [36m<p[31m
            [33mclass[31m=[32m"text-sm text-muted-foreground"[31m
          [36m>[31m
            [0mSign up to access your dashboard.[0m
          [36m</p>[31m
        [36m</div>[31m
        [36m<div[31m
          [33mclass[31m=[32m"p-6 pt-0"[31m
        [36m>[31m
          [36m<form[31m
            [33mclass[31m=[32m"space-y-4"[31m
          [36m>[31m
            [36m<div[31m
              [33mclass[31m=[32m"space-y-2"[31m
            [36m>[31m
              [36m<label[31m
                [33mclass[31m=[32m"text-sm font-medium leading-none peer-disabled:cursor-not-allowed peer-disabled:opacity-70"[31m
                [33mfor[31m=[32m"email"[31m
              [36m>[31m
                [0mEmail[0m
              [36m</label>[31m
              [36m<input[31m
                [33mclass[31m=[32m"flex h-10 w-full rounded-md border border-input bg-background px-3 py-2 text-base ring-offset-background file:border-0 file:bg-transparent file:text-sm file:font-medium file:text-foreground placeholder:text-muted-foreground focus-visible:outline-none focus-visible:ring-2 focus-visible:ring-ring focus-visible:ring-offset-2 disabled:cursor-not-allowed disabled:opacity-50 md:text-sm"[31m
                [33mid[31m=[32m"email"[31m
                [33mplaceholder[31m=[32m"m@example.com"[31m
                [33mrequired[31m=[32m""[31m
                [33mtype[31m=[32m"email"[31m
                [33mvalue[31m=[32m""[31m
              [36m/>[31m
            [36m</div>[31m
            [36m<div[31m
              [33mclass[31m=[32m"space-y-2"[31m
            [36m>[31m
              [36m<label[31m
                [33mclass[31m=[32m"text-sm font-medium leading-none peer-disabled:cursor-not-allowed peer-disabled:opacity-70"[31m
                [33mfor[31m=[32m"password"[31m
              [36m>[31m
                [0mPassword[0m
              [36m</label>[31m
              [36m<input[31m
                [33mclass[31m=[32m"flex h-10 w-full rounded-md border border-input bg-background px-3 py-2 text-base ring-offset-background file:border-0 file:bg-transparent file:text-sm file:font-medium file:text-foreground placeholder:text-muted-foreground focus-visible:outline-none focus-visible:ring-2 focus-visible:ring-ring focus-visible:ring-offset-2 disabled:cursor-not-allowed disabled:opacity-50 md:text-sm"[31m
                [33mid[31m=[32m"password"[31m
                [33mrequired[31m=[32m""[31m
                [33mtype[31m=[32m"password"[31m
                [33mvalue[31m=[32m"password123"[31m
              [36m/>[31m
            [36m</div>[31m
            [36m<div[31m
              [33mclass[31m=[32m"space-y-2"[31m
            [36m>[31m
              [36m<label[31m
                [33mclass[31m=[32m"text-sm font-medium leading-none peer-disabled:cursor-not-allowed peer-disabled:opacity-70"[31m
                [33mfor[31m=[32m"confirmPassword"[31m
              [36m>[31m
                [0mConfirm Password[0m
              [36m</label>[31m
              [36m<input[31m
                [33mclass[31m=[32m"flex h-10 w-full rounded-md border border-input bg-background px-3 py-2 text-base ring-offset-background file:border-0 file:bg-transparent file:text-sm file:font-medium file:text-foreground placeholder:text-muted-foreground focus-visible:outline-none focus-visible:ring-2 focus-visible:ring-ring focus-visible:ring-offset-2 disabled:cursor-not-allowed disabled:opacity-50 md:text-sm"[31m
                [33mid[31m=[32m"confirmPassword"[31m
                [33mrequired[31m=[32m""[31m
                [33mtype[31m=[32m"password"[31m
                [33mvalue[31m=[32m"differentPassword"[31m
              [36m/>[31m
            [36m</div>[31m
            [36m<button[31m
              [33mclass[31m=[32m"inline-flex items-center justify-center gap-2 whitespace-nowrap rounded-xl text-sm font-semibold ring-offset-background transition-all duration-300 focus-visible:outline-none focus-visible:ring-2 focus-visible:ring-ring focus-visible:ring-offset-2 disabled:pointer-events-none disabled:opacity-50 [&_svg]:pointer-events-none [&_svg]:size-4 [&_svg]:shrink-0 bg-gradient-to-r from-primary to-primary-light text-primary-foreground hover:shadow-[var(--shadow-strong)] hover:scale-105 h-10 px-6 py-2 w-full"[31m
              [33mtype[31m=[32m"submit"[31m
            [36m>[31m
              [0mSign Up[0m
            [36m</button>[31m
          [36m</form>[31m
        [36m</div>[31m
      [36m</div>[31m
    [36m</div>[31m
  [36m</div>[31m
[36m</body>[31m

Ignored nodes: comments, script, style
[36m<body>[31m
  [36m<div>[31m
    [36m<div[31m
      [33mclass[31m=[32m"flex items-center justify-center min-h-screen bg-muted"[31m
    [36m>[31m
      [36m<div[31m
        [33mclass[31m=[32m"rounded-lg border bg-card text-card-foreground shadow-sm w-full max-w-sm"[31m
      [36m>[31m
        [36m<div[31m
          [33mclass[31m=[32m"flex flex-col space-y-1.5 p-6 text-center"[31m
        [36m>[31m
          [36m<h3[31m
            [33mclass[31m=[32m"font-semibold tracking-tight text-2xl"[31m
          [36m>[31m
            [0mCreate Account[0m
          [36m</h3>[31m
          [36m<p[31m
            [33mclass[31m=[32m"text-sm text-muted-foreground"[31m
          [36m>[31m
            [0mSign up to access your dashboard.[0m
          [36m</p>[31m
        [36m</div>[31m
        [36m<div[31m
          [33mclass[31m=[32m"p-6 pt-0"[31m
        [36m>[31m
          [36m<form[31m
            [33mclass[31m=[32m"space-y-4"[31m
          [36m>[31m
            [36m<div[31m
              [33mclass[31m=[32m"space-y-2"[31m
            [36m>[31m
              [36m<label[31m
                [33mclass[31m=[32m"text-sm font-medium leading-none peer-disabled:cursor-not-allowed peer-disabled:opacity-70"[31m
                [33mfor[31m=[32m"email"[31m
              [36m>[31m
                [0mEmail[0m
              [36m</label>[31m
              [36m<input[31m
                [33mclass[31m=[32m"flex h-10 w-full rounded-md border border-input bg-background px-3 py-2 text-base ring-offset-background file:border-0 file:bg-transparent file:text-sm file:font-medium file:text-foreground placeholder:text-muted-foreground focus-visible:outline-none focus-visible:ring-2 focus-visible:ring-ring focus-visible:ring-offset-2 disabled:cursor-not-allowed disabled:opacity-50 md:text-sm"[31m
                [33mid[31m=[32m"email"[31m
                [33mplaceholder[31m=[32m"m@example.com"[31m
                [33mrequired[31m=[32m""[31m
                [33mtype[31m=[32m"email"[31m
                [33mvalue[31m=[32m""[31m
              [36m/>[31m
            [36m</div>[31m
            [36m<div[31m
              [33mclass[31m=[32m"space-y-2"[31m
            [36m>[31m
              [36m<label[31m
                [33mclass[31m=[32m"text-sm font-medium leading-none peer-disabled:cursor-not-allowed peer-disabled:opacity-70"[31m
                [33mfor[31m=[32m"password"[31m
              [36m>[31m
                [0mPassword[0m
              [36m</label>[31m
              [36m<input[31m
                [33mclass[31m=[32m"flex h-10 w-full rounded-md border border-input bg-background px-3 py-2 text-base ring-offset-background file:border-0 file:bg-transparent file:text-sm file:font-medium file:text-foreground placeholder:text-muted-foreground focus-visible:outline-none focus-visible:ring-2 focus-visible:ring-ring focus-visible:ring-offset-2 disabled:cursor-not-allowed disabled:opacity-50 md:text-sm"[31m
                [33mid[31m=[32m"password"[31m
                [33mrequired[31m=[32m""[31m
                [33mtype[31m=[32m"password"[31m
                [33mvalue[31m=[32m"password123"[31m
              [36m/>[31m
            [36m</div>[31m
            [36m<div[31m
              [33mclass[31m=[32m"space-y-2"[31m
            [36m>[31m
              [36m<label[31m
                [33mclass[31m=[32m"text-sm font-medium leading-none peer-disabled:cursor-not-allowed peer-disabled:opacity-70"[31m
                [33mfor[31m=[32m"confirmPassword"[31m
              [36m>[31m
                [0mConfirm Password[0m
              [36m</label>[31m
              [36m<input[31m
                [33mclass[31m=[32m"flex h-10 w-full rounded-md border border-input bg-background px-3 py-2 text-base ring-offset-background file:border-0 file:bg-transparent file:text-sm file:font-medium file:text-foreground placeholder:text-muted-foreground focus-visible:outline-none focus-visible:ring-2 focus-visible:ring-ring focus-visible:ring-offset-2 disabled:cursor-not-allowed disabled:opacity-50 md:text-sm"[31m
                [33mid[31m=[32m"confirmPassword"[31m
                [33mrequired[31m=[32m""[31m
                [33mtype[31m=[32m"password"[31m
                [33mvalue[31m=[32m"differentPassword"[31m
              [36m/>[31m
            [36m</div>[31m
            [36m<button[31m
              [33mclass[31m=[32m"inline-flex items-center justify-center gap-2 whitespace-nowrap rounded-xl text-sm font-semibold ring-offset-background transition-all duration-300 focus-visible:outline-none focus-visible:ring-2 focus-visible:ring-ring focus-visible:ring-offset-2 disabled:pointer-events-none disabled:opacity-50 [&_svg]:pointer-events-none [&_svg]:size-4 [&_svg]:shrink-0 bg-gradient-to-r from-primary to-primary-light text-primary-foreground hover:shadow-[var(--shadow-strong)] hover:scale-105 h-10 px-6 py-2 w-full"[31m
              [33mtype[31m=[32m"submit"[31m
            [36m>[31m
              [0mSign Up[0m
            [36m</button>[31m
          [36m</form>[31m
        [36m</div>[31m
      [36m</div>[31m
    [36m</div>[31m
  [36m</div>[31m
[36m</body>[31m[39m
   [33m[2mΓ£ô[22m[39m SignupPage Component[2m > [22mshould call the signUp function and navigate on successful signup [33m770[2mms[22m[39m
   [33m[2mΓ£ô[22m[39m SignupPage Component[2m > [22mshould display an error message if signUp fails [33m908[2mms[22m[39m

node.exe : [31mΓÄ»ΓÄ»ΓÄ»ΓÄ»
ΓÄ»ΓÄ»ΓÄ»[1m[7m Failed 
Tests 1 [27m[22mΓÄ»ΓÄ»ΓÄ»Γ
Ä»ΓÄ»ΓÄ»ΓÄ»[39m
At C:\Users\pc\AppData\Roami
ng\npm\npx.ps1:24 char:5
+     & "node$exe"  "$basedi
r/node_modules/npm/bin/npx-c
li.js" $args
+     ~~~~~~~~~~~~~~~~~~~~~~
~~~~~~~~~~~~~~~~~~~~~~~~~~~~
~~~~~~~~~~~~
    + CategoryInfo          
    : NotSpecified: ([31m  
  ΓÄ»ΓÄ»ΓÄ»Γ...»ΓÄ»ΓÄ»ΓÄ»   
 [39m:String) [], Remot    
eException
    + FullyQualifiedErrorId 
    : NativeCommandError
 

[31m[1m[7m FAIL 
[27m[22m[39m src/pages/au
th/SignupPage.test.tsx[2m 
> [22mSignupPage 
Component[2m > [22mshould 
display an error message if 
passwords do not match
[31m[1mTestingLibraryEleme
ntError[22m[39m: Unable 
to find an element with the 
text: Passwords do not 
match.. This could be 
because the text is broken 
up by multiple elements. In 
this case, you can provide 
a function for your text 
matcher to make your 
matcher more flexible.

Ignored nodes: comments, 
script, style
[36m<body>[39m
  [36m<div>[39m
    [36m<div[39m
      
[33mclass[39m=[32m"flex 
items-center justify-center 
min-h-screen bg-muted"[39m
    [36m>[39m
      [36m<div[39m
        [33mclass[39m=[32
m"rounded-lg border bg-card 
text-card-foreground 
shadow-sm w-full 
max-w-sm"[39m
      [36m>[39m
        [36m<div[39m
          
[33mclass[39m=[32m"flex 
flex-col space-y-1.5 p-6 
text-center"[39m
        [36m>[39m
          [36m<h3[39m
            [33mclass[39m=
[32m"font-semibold 
tracking-tight 
text-2xl"[39m
          [36m>[39m
            [0mCreate 
Account[0m
          [36m</h3>[39m
          [36m<p[39m
            [33mclass[39m=
[32m"text-sm 
text-muted-foreground"[39m
          [36m>[39m
            [0mSign up to 
access your dashboard.[0m
          [36m</p>[39m
        [36m</div>[39m
        [36m<div[39m
          
[33mclass[39m=[32m"p-6 
pt-0"[39m
        [36m>[39m
          [36m<form[39m
            [33mclass[39m=
[32m"space-y-4"[39m
          [36m>[39m
            [36m<div[39m
              [33mclass[39
m=[32m"space-y-2"[39m
            [36m>[39m
              
[36m<label[39m
                [33mclass[
39m=[32m"text-sm 
font-medium leading-none pee
r-disabled:cursor-not-allowe
d peer-disabled:opacity-70"
[39m
                [33mfor[39
m=[32m"email"[39m
              [36m>[39m
                
[0mEmail[0m
              
[36m</label>[39m
              
[36m<input[39m
                
[33mclass[39m=[32m"flex 
h-10 w-full rounded-md 
border border-input 
bg-background px-3 py-2 
text-base 
ring-offset-background 
file:border-0 
file:bg-transparent 
file:text-sm 
file:font-medium 
file:text-foreground placeho
lder:text-muted-foreground 
focus-visible:outline-none 
focus-visible:ring-2 
focus-visible:ring-ring 
focus-visible:ring-offset-2 
disabled:cursor-not-allowed 
disabled:opacity-50 
md:text-sm"[39m
                [33mid[39m
=[32m"email"[39m
                [33mplaceho
lder[39m=[32m"m@example.co
m"[39m
                [33mrequire
d[39m=[32m""[39m
                [33mtype[3
9m=[32m"email"[39m
                
[33mvalue[39m=[32m""[39m
              [36m/>[39m
            [36m</div>[39m
            [36m<div[39m
              [33mclass[39
m=[32m"space-y-2"[39m
            [36m>[39m
              
[36m<label[39m
                [33mclass[
39m=[32m"text-sm 
font-medium leading-none pee
r-disabled:cursor-not-allowe
d peer-disabled:opacity-70"
[39m
                [33mfor[39
m=[32m"password"[39m
              [36m>[39m
                
[0mPassword[0m
              
[36m</label>[39m
              
[36m<input[39m
                
[33mclass[39m=[32m"flex 
h-10 w-full rounded-md 
border border-input 
bg-background px-3 py-2 
text-base 
ring-offset-background 
file:border-0 
file:bg-transparent 
file:text-sm 
file:font-medium 
file:text-foreground placeho
lder:text-muted-foreground 
focus-visible:outline-none 
focus-visible:ring-2 
focus-visible:ring-ring 
focus-visible:ring-offset-2 
disabled:cursor-not-allowed 
disabled:opacity-50 
md:text-sm"[39m
                [33mid[39m
=[32m"password"[39m
                [33mrequire
d[39m=[32m""[39m
                [33mtype[3
9m=[32m"password"[39m
                [33mvalue[
39m=[32m"password123"[39m
              [36m/>[39m
            [36m</div>[39m
            [36m<div[39m
              [33mclass[39
m=[32m"space-y-2"[39m
            [36m>[39m
              
[36m<label[39m
                [33mclass[
39m=[32m"text-sm 
font-medium leading-none pee
r-disabled:cursor-not-allowe
d peer-disabled:opacity-70"
[39m
                [33mfor[39
m=[32m"confirmPassword"[39
m
              [36m>[39m
                [0mConfirm 
Password[0m
              
[36m</label>[39m
              
[36m<input[39m
                
[33mclass[39m=[32m"flex 
h-10 w-full rounded-md 
border border-input 
bg-background px-3 py-2 
text-base 
ring-offset-background 
file:border-0 
file:bg-transparent 
file:text-sm 
file:font-medium 
file:text-foreground placeho
lder:text-muted-foreground 
focus-visible:outline-none 
focus-visible:ring-2 
focus-visible:ring-ring 
focus-visible:ring-offset-2 
disabled:cursor-not-allowed 
disabled:opacity-50 
md:text-sm"[39m
                [33mid[39m
=[32m"confirmPassword"[39m
                [33mrequire
d[39m=[32m""[39m
                [33mtype[3
9m=[32m"password"[39m
                [33mvalue[
39m=[32m"differentPassword"
[39m
              [36m/>[39m
            [36m</div>[39m
            
[36m<button[39m
              [33mclass[39
m=[32m"inline-flex 
items-center justify-center 
gap-2 whitespace-nowrap 
rounded-xl text-sm 
font-semibold 
ring-offset-background 
transition-all duration-300 
focus-visible:outline-none 
focus-visible:ring-2 
focus-visible:ring-ring 
focus-visible:ring-offset-2 
disabled:pointer-events-none
 disabled:opacity-50 
[&_svg]:pointer-events-none 
[&_svg]:size-4 
[&_svg]:shrink-0 
bg-gradient-to-r 
from-primary 
to-primary-light 
text-primary-foreground hove
r:shadow-[var(--shadow-stron
g)] hover:scale-105 h-10 
px-6 py-2 w-full"[39m
              [33mtype[39m
=[32m"submit"[39m
            [36m>[39m
              [0mSign 
Up[0m
            
[36m</button>[39m
          [36m</form>[39m
        [36m</div>[39m
      [36m</div>[39m
    [36m</div>[39m
  [36m</div>[39m
[36m</body>[39m

Ignored nodes: comments, 
script, style
[36m<body>[39m
  [36m<div>[39m
    [36m<div[39m
      
[33mclass[39m=[32m"flex 
items-center justify-center 
min-h-screen bg-muted"[39m
    [36m>[39m
      [36m<div[39m
        [33mclass[39m=[32
m"rounded-lg border bg-card 
text-card-foreground 
shadow-sm w-full 
max-w-sm"[39m
      [36m>[39m
        [36m<div[39m
          
[33mclass[39m=[32m"flex 
flex-col space-y-1.5 p-6 
text-center"[39m
        [36m>[39m
          [36m<h3[39m
            [33mclass[39m=
[32m"font-semibold 
tracking-tight 
text-2xl"[39m
          [36m>[39m
            [0mCreate 
Account[0m
          [36m</h3>[39m
          [36m<p[39m
            [33mclass[39m=
[32m"text-sm 
text-muted-foreground"[39m
          [36m>[39m
            [0mSign up to 
access your dashboard.[0m
          [36m</p>[39m
        [36m</div>[39m
        [36m<div[39m
          
[33mclass[39m=[32m"p-6 
pt-0"[39m
        [36m>[39m
          [36m<form[39m
            [33mclass[39m=
[32m"space-y-4"[39m
          [36m>[39m
            [36m<div[39m
              [33mclass[39
m=[32m"space-y-2"[39m
[2m Test Files [22m [1m[31m1 failed[39m[22m[90m (1)[39m
[2m      Tests [22m [1m[31m1 failed[39m[22m[2m | [22m[1m[32m3 passed[39m[22m[90m (4)[39m
[2m   Start at [22m 16:18:14
[2m   Duration [22m 9.04s[2m (transform 258ms, setup 249ms, collect 1.01s, tests 3.88s, environment 2.19s, prepare 1.11s)[22m

            [36m>[39m
              
[36m<label[39m
                [33mclass[
39m=[32m"text-sm 
font-medium leading-none pee
r-disabled:cursor-not-allowe
d peer-disabled:opacity-70"
[39m
                [33mfor[39
m=[32m"email"[39m
              [36m>[39m
                
[0mEmail[0m
              
[36m</label>[39m
              
[36m<input[39m
                
[33mclass[39m=[32m"flex 
h-10 w-full rounded-md 
border border-input 
bg-background px-3 py-2 
text-base 
ring-offset-background 
file:border-0 
file:bg-transparent 
file:text-sm 
file:font-medium 
file:text-foreground placeho
lder:text-muted-foreground 
focus-visible:outline-none 
focus-visible:ring-2 
focus-visible:ring-ring 
focus-visible:ring-offset-2 
disabled:cursor-not-allowed 
disabled:opacity-50 
md:text-sm"[39m
                [33mid[39m
=[32m"email"[39m
                [33mplaceho
lder[39m=[32m"m@example.co
m"[39m
                [33mrequire
d[39m=[32m""[39m
                [33mtype[3
9m=[32m"email"[39m
                
[33mvalue[39m=[32m""[39m
              [36m/>[39m
            [36m</div>[39m
            [36m<div[39m
              [33mclass[39
m=[32m"space-y-2"[39m
            [36m>[39m
              
[36m<label[39m
                [33mclass[
39m=[32m"text-sm 
font-medium leading-none pee
r-disabled:cursor-not-allowe
d peer-disabled:opacity-70"
[39m
                [33mfor[39
m=[32m"password"[39m
              [36m>[39m
                
[0mPassword[0m
              
[36m</label>[39m
              
[36m<input[39m
                
[33mclass[39m=[32m"flex 
h-10 w-full rounded-md 
border border-input 
bg-background px-3 py-2 
text-base 
ring-offset-background 
file:border-0 
file:bg-transparent 
file:text-sm 
file:font-medium 
file:text-foreground placeho
lder:text-muted-foreground 
focus-visible:outline-none 
focus-visible:ring-2 
focus-visible:ring-ring 
focus-visible:ring-offset-2 
disabled:cursor-not-allowed 
disabled:opacity-50 
md:text-sm"[39m
                [33mid[39m
=[32m"password"[39m
                [33mrequire
d[39m=[32m""[39m
                [33mtype[3
9m=[32m"password"[39m
                [33mvalue[
39m=[32m"password123"[39m
              [36m/>[39m
            [36m</div>[39m
            [36m<div[39m
              [33mclass[39
m=[32m"space-y-2"[39m
            [36m>[39m
              
[36m<label[39m
                [33mclass[
39m=[32m"text-sm 
font-medium leading-none pee
r-disabled:cursor-not-allowe
d peer-disabled:opacity-70"
[39m
                [33mfor[39
m=[32m"confirmPassword"[39
m
              [36m>[39m
                [0mConfirm 
Password[0m
              
[36m</label>[39m
              
[36m<input[39m
                
[33mclass[39m=[32m"flex 
h-10 w-full rounded-md 
border border-input 
bg-background px-3 py-2 
text-base 
ring-offset-background 
file:border-0 
file:bg-transparent 
file:text-sm 
file:font-medium 
file:text-foreground placeho
lder:text-muted-foreground 
focus-visible:outline-none 
focus-visible:ring-2 
focus-visible:ring-ring 
focus-visible:ring-offset-2 
disabled:cursor-not-allowed 
disabled:opacity-50 
md:text-sm"[39m
                [33mid[39m
=[32m"confirmPassword"[39m
                [33mrequire
d[39m=[32m""[39m
                [33mtype[3
9m=[32m"password"[39m
                [33mvalue[
39m=[32m"differentPassword"
[39m
              [36m/>[39m
            [36m</div>[39m
            
[36m<button[39m
              [33mclass[39
m=[32m"inline-flex 
items-center justify-center 
gap-2 whitespace-nowrap 
rounded-xl text-sm 
font-semibold 
ring-offset-background 
transition-all duration-300 
focus-visible:outline-none 
focus-visible:ring-2 
focus-visible:ring-ring 
focus-visible:ring-offset-2 
disabled:pointer-events-none
 disabled:opacity-50 
[&_svg]:pointer-events-none 
[&_svg]:size-4 
[&_svg]:shrink-0 
bg-gradient-to-r 
from-primary 
to-primary-light 
text-primary-foreground hove
r:shadow-[var(--shadow-stron
g)] hover:scale-105 h-10 
px-6 py-2 w-full"[39m
              [33mtype[39m
=[32m"submit"[39m
            [36m>[39m
              [0mSign 
Up[0m
            
[36m</button>[39m
          [36m</form>[39m
        [36m</div>[39m
      [36m</div>[39m
    [36m</div>[39m
  [36m</div>[39m
[36m</body>[39m
[90m [2mΓ¥»[22m 
waitForWrapper node_modules/
@testing-library/dom/dist/wa
it-for.js:[2m163:27[22m[3
9m
[90m [2mΓ¥»[22m 
findByText node_modules/@tes
ting-library/dom/dist/query-
helpers.js:[2m86:33[22m[3
9m
[36m [2mΓ¥»[22m src/pages
/auth/SignupPage.test.tsx:[
2m60:39[22m[39m
    [90m 58| [39m
    [90m 59| [39m    
[90m// Wait for the error 
message to appear[39m
    [90m 60| [39m    
[35mconst[39m 
errorMessage [33m=[39m 
[35mawait[39m screen[33m.
[39m[34mfindByText[39m([
32m'Passwords do not 
mat[39mΓÇª
    [90m   | [39m         
                            
 [31m^[39m
    [90m 61| [39m    [34m
expect[39m(errorMessage)[3
3m.[39m[34mtoBeInTheDocume
nt[39m()[33m;[39m
    [90m 62| [39m  
})[33m;[39m

[31m[2mΓÄ»ΓÄ»ΓÄ»ΓÄ»ΓÄ»ΓÄ»Γ
Ä»ΓÄ»ΓÄ»ΓÄ»ΓÄ»ΓÄ»ΓÄ»ΓÄ»ΓÄ»ΓÄ
»ΓÄ»ΓÄ»ΓÄ»ΓÄ»ΓÄ»ΓÄ»ΓÄ»ΓÄ»[1/
1]ΓÄ»[22m[39m

